// Jest Snapshot v1, https://goo.gl/fbAQLP

exports[`MainHeader renders correctly (snapshot) 1`] = `
<header
  class="page-header"
>
  <router-link-stub
    ariacurrentvalue="page"
    class="logo"
    event="click"
    tag="a"
    to="/en"
  >
    ADbStudio
  </router-link-stub>
</header>
`;
